// Jest Snapshot v1, https://jestjs.io/docs/snapshot-testing

exports[`Home render styles successfully 1`] = `
<div>
  <main
    class="x78zum5 xdt5ytf x6s0dn4 x1qughib xg6iff7 xzq5xb0 xx1y8ue x5e2vg3 xmz0i5r xs6rbim xysyzu8 x7f1qth"
  >
    <div
      class="x1jfb8zj xarpa2k x1h91t0o x2500ri x2w24x9 xh8yej3 xhtitgo x1aqnu01"
    >
      <p
        class="xjg0vao x1n2onr6 x15f3dyk xo5s888 xu8adaz x1v68ji2 x1ghz6dp x1p3ipet x17q0pjc xnye575 xlyjnpd x5e2vg3 x19b5yp9 x9r6a68 xmkeg23 x1ehvz7d x1y0btm7 x1s2y2yq xs5cle9 x18vq7p3 xd22jv x1los6se"
      >
        Get started by editing 
        <code
          class="x1xlr1w8 x1aqnu01"
        >
          app/page.tsx
        </code>
      </p>
    </div>
    <div
      class="x1iyjqo2 x78zum5 xdt5ytf x6s0dn4 xl56j7k xn59t5d x1a02dak"
    >
      <h1
        class="x16658a0 xo5v014 x14ouywb xo1l8bm x2b8uid x78zum5 x1t3vgg6 xuxw1ft xdt5ytf xwlf911"
      >
        Next.js App Dir
        <span
          class="x1n2onr6 x6icuqf x13vifvy xeqig7n x1crkwde x1c74tu6 xa4qsjk x1esw782"
        >
          ♥️
        </span>
        ️StyleX
      </h1>
      <div
        class="x78zum5 x6s0dn4 xl56j7k x1q0g3np x1ap3vjr xmkeg23 x1y0btm7 xd1nvyh x6li034 x14ouywb x20roo1"
      >
        <button
          class="x78zum5 x6s0dn4 xl56j7k x17frcva x1plog1 x1tcxl6e xiy85n xktz6yv x1umsj2k xbznm0z xc342km xng3xce x18vq7p3 xm7q10b x4ur192 x1ypdohk x11z4mly x1u4xmye xglsxx3"
        >
          -
        </button>
        <div
          class="x11z4mly x3stwaq xxhslpl x1843ork x2b8uid x1aqnu01"
        >
          0
        </div>
        <button
          class="x78zum5 x6s0dn4 xl56j7k x17frcva x1plog1 x1tcxl6e xiy85n xktz6yv x1umsj2k xbznm0z xc342km xng3xce x18vq7p3 xm7q10b x4ur192 x1ypdohk x11z4mly x1u4xmye xglsxx3"
        >
          +
        </button>
      </div>
    </div>
    <div
      class="xq5fvzb x18mbai7 xl56j7k x6s0dn4 x1jwldgz xgi4d3s x1s85apg x7xqae2"
    >
      <div
        class="x1awj2ng xmygnkt xavsp"
      >
        Pink rounded rectangle with blue text
      </div>
    </div>
    <div
      class="xq5fvzb x18mbai7 xl56j7k x6s0dn4 x1jwldgz x4tzicq x1s85apg x2nxfxp"
    >
      <div
        class="x1awj2ng xmygnkt xavsp"
      >
        Red rounded rectangle with green text
      </div>
    </div>
    <div
      class="xrvj5dj xtp8ymz xx3cr9d xtffbmy x277ffg x193iq5w xl858mc x15hltav"
    >
      <a
        class="x78zum5 x1ymzxv2 x6s0dn4 x1nhvcw1 xdt5ytf x18vq7p3 x1feauvv x4s29u4 xmkeg23 x1y0btm7 x1qmr3rh x1qejtlq x1heor9g x14ouywb x12toxtn xts7igz xofcydl x2b8uid x1hl2dhg x180yl9o x1leq01z"
        href="https://stylexjs.com/docs/learn/"
        rel="noopener noreferrer"
        target="_blank"
      >
        <h2
          class="xko2ofl xmomgzf x1s688f xn6ivjz x8zdv9j"
        >
          Docs
           
          <span
            class="x1rg5ohu x11xpdln xop9232 x13dflua x12w9bfk"
          >
            →
          </span>
        </h2>
        <p
          class="x1ghz6dp x197sbye xhahzj6 x1w2vvpw x1evy7pa x1u8bs6r"
        >
          Learn how to use StyleX to build UIs
        </p>
      </a>
      <a
        class="x78zum5 x1ymzxv2 x6s0dn4 x1nhvcw1 xdt5ytf x18vq7p3 x1feauvv x4s29u4 xmkeg23 x1y0btm7 x1qmr3rh x1qejtlq x1heor9g x14ouywb x12toxtn xts7igz xofcydl x2b8uid x1hl2dhg x180yl9o x1leq01z"
        href="https://stylexjs.com/docs/api/"
        rel="noopener noreferrer"
        target="_blank"
      >
        <h2
          class="xko2ofl xmomgzf x1s688f xn6ivjz x8zdv9j"
        >
          API
           
          <span
            class="x1rg5ohu x11xpdln xop9232 x13dflua x12w9bfk"
          >
            →
          </span>
        </h2>
        <p
          class="x1ghz6dp x197sbye xhahzj6 x1w2vvpw x1evy7pa x1u8bs6r"
        >
          Browse through the StyleX API reference
        </p>
      </a>
      <a
        class="x78zum5 x1ymzxv2 x6s0dn4 x1nhvcw1 xdt5ytf x18vq7p3 x1feauvv x4s29u4 xmkeg23 x1y0btm7 x1qmr3rh x1qejtlq x1heor9g x14ouywb x12toxtn xts7igz xofcydl x2b8uid x1hl2dhg x180yl9o x1leq01z"
        href="https://stylexjs.com/playground/"
        rel="noopener noreferrer"
        target="_blank"
      >
        <h2
          class="xko2ofl xmomgzf x1s688f xn6ivjz x8zdv9j"
        >
          Playground
           
          <span
            class="x1rg5ohu x11xpdln xop9232 x13dflua x12w9bfk"
          >
            →
          </span>
        </h2>
        <p
          class="x1ghz6dp x197sbye xhahzj6 x1w2vvpw x1evy7pa x1u8bs6r"
        >
          Play with StyleX and look at the compile outputs
        </p>
      </a>
      <a
        class="x78zum5 x1ymzxv2 x6s0dn4 x1nhvcw1 xdt5ytf x18vq7p3 x1feauvv x4s29u4 xmkeg23 x1y0btm7 x1qmr3rh x1qejtlq x1heor9g x14ouywb x12toxtn xts7igz xofcydl x2b8uid x1hl2dhg x180yl9o x1leq01z"
        href="https://github.com/nmn/nextjs-app-dir-stylex"
        rel="noopener noreferrer"
        target="_blank"
      >
        <h2
          class="xko2ofl xmomgzf x1s688f xn6ivjz x8zdv9j"
        >
          Templates
           
          <span
            class="x1rg5ohu x11xpdln xop9232 x13dflua x12w9bfk"
          >
            →
          </span>
        </h2>
        <p
          class="x1ghz6dp x197sbye xhahzj6 x1w2vvpw x1evy7pa x1u8bs6r"
        >
          Get started with a NextJS+StyleX project
        </p>
      </a>
    </div>
  </main>
</div>
`;
